{
  "summary": "Comprehensive test plan for user authentication feature",
  "coverage_analysis": "This test plan covers all authentication scenarios including OAuth2, email/password login, security measures, edge cases, and error handling. Tests are structured to verify both functional and security requirements.",
  "risk_assessment": "High risk feature as authentication is critical for system security. Failure could result in unauthorized access or denial of legitimate users. Tests prioritize security and reliability.",
  "test_cases": [
    {
      "title": "Verify successful login with valid Google OAuth2",
      "description": "Test that users can successfully authenticate using their Google account through OAuth2 flow",
      "preconditions": "User has a valid Google account. OAuth2 integration is configured.",
      "steps": [
        {
          "step_number": 1,
          "action": "Click 'Login with Google' button",
          "expected_result": "Redirect to Google authentication page"
        },
        {
          "step_number": 2,
          "action": "Enter valid Google credentials and authorize",
          "expected_result": "Redirected back to application",
          "test_data": "Valid Google account credentials"
        },
        {
          "step_number": 3,
          "action": "Verify user session is created",
          "expected_result": "User is logged in and session token is generated"
        }
      ],
      "expected_result": "User successfully logged in via Google OAuth2 and redirected to dashboard",
      "priority": "high",
      "test_type": "functional",
      "tags": ["authentication", "oauth", "google", "happy-path"],
      "automation_candidate": true,
      "risk_level": "high"
    },
    {
      "title": "Verify account lockout after maximum failed login attempts",
      "description": "Test security measure that locks account after 5 consecutive failed login attempts to prevent brute force attacks",
      "preconditions": "User account exists with known credentials. Account is not currently locked.",
      "steps": [
        {
          "step_number": 1,
          "action": "Navigate to login page",
          "expected_result": "Login form displayed"
        },
        {
          "step_number": 2,
          "action": "Enter valid username and incorrect password",
          "expected_result": "Error message: 'Invalid credentials'",
          "test_data": "username: test@example.com, password: wrong_password"
        },
        {
          "step_number": 3,
          "action": "Repeat step 2 four more times (total 5 attempts)",
          "expected_result": "Each attempt shows error message"
        },
        {
          "step_number": 4,
          "action": "Attempt login with CORRECT credentials on 6th attempt",
          "expected_result": "Account locked error: 'Account temporarily locked due to multiple failed attempts'",
          "test_data": "username: test@example.com, password: correct_password"
        }
      ],
      "expected_result": "Account is locked after 5 failed attempts. Failed attempts are logged in audit log.",
      "priority": "critical",
      "test_type": "security",
      "tags": ["security", "brute-force", "account-lockout"],
      "automation_candidate": true,
      "risk_level": "high"
    },
    {
      "title": "Verify SQL injection protection in login form",
      "description": "Test that login form properly sanitizes inputs and is not vulnerable to SQL injection attacks",
      "preconditions": "Application has SQL database backend",
      "steps": [
        {
          "step_number": 1,
          "action": "Navigate to login page",
          "expected_result": "Login form displayed"
        },
        {
          "step_number": 2,
          "action": "Enter SQL injection payload in email field",
          "expected_result": "Input is sanitized, no SQL execution",
          "test_data": "email: admin'-- , password: anything"
        },
        {
          "step_number": 3,
          "action": "Enter SQL injection payload in password field",
          "expected_result": "Input is sanitized, login fails safely",
          "test_data": "email: test@test.com, password: ' OR '1'='1"
        }
      ],
      "expected_result": "All SQL injection attempts are blocked. No database errors exposed. Attempts logged.",
      "priority": "critical",
      "test_type": "security",
      "tags": ["security", "sql-injection", "input-validation"],
      "automation_candidate": true,
      "risk_level": "high"
    }
  ],
  "estimated_execution_time": 45,
  "dependencies": [
    "Google OAuth2 provider configured",
    "Test user accounts created",
    "Audit logging enabled"
  ]
}

